services/geminiService.ts(10,3): error TS1434: Unexpected keyword or identifier.
services/geminiService.ts(10,31): error TS1005: ',' expected.
services/geminiService.ts(10,50): error TS1005: ',' expected.
services/geminiService.ts(10,68): error TS1005: ';' expected.
services/geminiService.ts(11,13): error TS1005: ':' expected.
services/geminiService.ts(11,82): error TS1005: ',' expected.
services/geminiService.ts(13,13): error TS1005: ':' expected.
services/geminiService.ts(13,76): error TS1005: ',' expected.
services/geminiService.ts(15,11): error TS1005: ':' expected.
services/geminiService.ts(16,15): error TS1005: ':' expected.
services/geminiService.ts(24,11): error TS1005: ',' expected.
services/geminiService.ts(26,16): error TS1005: ':' expected.
services/geminiService.ts(26,76): error TS1005: ',' expected.
services/geminiService.ts(27,9): error TS1005: ',' expected.
services/geminiService.ts(33,3): error TS1434: Unexpected keyword or identifier.
services/geminiService.ts(33,33): error TS1005: ',' expected.
services/geminiService.ts(33,47): error TS1005: ',' expected.
services/geminiService.ts(33,56): error TS1005: ';' expected.
services/geminiService.ts(34,13): error TS1005: ':' expected.
services/geminiService.ts(34,205): error TS1005: ',' expected.
services/geminiService.ts(35,14): error TS1005: ':' expected.
services/geminiService.ts(35,42): error TS1005: ',' expected.
services/geminiService.ts(38,3): error TS1434: Unexpected keyword or identifier.
services/geminiService.ts(38,45): error TS1005: ',' expected.
services/geminiService.ts(38,65): error TS1005: ',' expected.
services/geminiService.ts(38,86): error TS1005: ',' expected.
services/geminiService.ts(38,108): error TS1005: ',' expected.
services/geminiService.ts(38,114): error TS1011: An element access expression should take an argument.
services/geminiService.ts(38,116): error TS1005: ';' expected.
services/geminiService.ts(39,13): error TS1005: ':' expected.
services/geminiService.ts(39,51): error TS1005: ',' expected.
services/geminiService.ts(40,13): error TS1005: ':' expected.
services/geminiService.ts(43,145): error TS1005: ',' expected.
services/geminiService.ts(44,14): error TS1005: ':' expected.
services/geminiService.ts(44,48): error TS1005: ',' expected.
services/geminiService.ts(49,1): error TS1005: '}' expected.
